{
    "clGetProgramBuildInfo": {
        "CL_PROGRAM_BUILD_STATUS": 0,
        "device": "0x5e4134bed2a0",
        "program": "0x5e4135daec30"
    }
},
{
    "clGetMemObjectInfo": {
        "CL_MEM_SIZE": 512,
        "memObj": "0x5e41353b0010"
    }
},
{
    "clGetMemObjectInfo": {
        "CL_MEM_SIZE": 512,
        "memObj": "0x5e41353b0010"
    }
},
{
    "clGetMemObjectInfo": {
        "CL_MEM_SIZE": 512,
        "memObj": "0x5e41353b0010"
    }
},
{
    "clGetMemObjectInfo": {
        "CL_MEM_SIZE": 512,
        "memObj": "0x5e41353b0010"
    }
},
{
    "clGetMemObjectInfo": {
        "CL_MEM_SIZE": 512,
        "memObj": "0x5e41353b0010"
    }
},
